// Jest Snapshot v1, https://goo.gl/fbAQLP

exports[`<BadgeInner /> should match snapshot 1`] = `
<View
  accessible={true}
  collapsable={false}
  focusable={true}
  hitSlop={
    Object {
      "bottom": undefined,
      "left": undefined,
      "right": undefined,
      "top": undefined,
    }
  }
  nativeID="animatedComponent"
  onClick={[Function]}
  onResponderGrant={[Function]}
  onResponderMove={[Function]}
  onResponderRelease={[Function]}
  onResponderTerminate={[Function]}
  onResponderTerminationRequest={[Function]}
  onStartShouldSetResponder={[Function]}
  style={
    Object {
      "marginBottom": 53.5,
      "marginTop": 26.5,
      "opacity": 1,
    }
  }
>
  <View
    style={
      Array [
        Object {
          "backgroundColor": undefined,
          "borderColor": undefined,
          "borderRadius": 20,
          "borderWidth": 1,
          "marginRight": 10,
          "paddingHorizontal": 12,
          "paddingVertical": 6,
        },
        Object {
          "marginLeft": 0,
        },
        Object {
          "transform": Array [
            Object {
              "scale": 1,
            },
          ],
        },
      ]
    }
  >
    <Text
      style={
        Object {
          "color": undefined,
          "fontSize": 30,
          "fontWeight": "800",
        }
      }
    >
      1
    </Text>
  </View>
</View>
`;
